Microchip MPLAB XC8 Compiler V3.10

Linker command line:

-W-3 \
  --edf=C:\Program Files\Microchip\xc8\v3.10\pic\dat\20250813170317_en.msgs \
  -cn -h+dist/default/production\micro_oven.X.production.sym \
  --cmf=dist/default/production\micro_oven.X.production.cmf -z -Q16F877A \
  -oC:\Users\sudee\AppData\Local\Temp\xcAshrg.0\driver_tmp_3.o \
  --defsym=__MPLAB_BUILD=1 --fixupoverflow=error \
  -Mdist/default/production/micro_oven.X.production.map \
  --md=C:\Users\sudee\AppData\Local\Temp\xcAshrg.0\driver_tmp_0.dat -E1 \
  -ver=XC8 Compiler -ACODE=00h-07FFhx4 -ASTRCODE=00h-01FFFh \
  -ASTRING=00h-0FFhx32 -ACONST=00h-0FFhx32 -AENTRY=00h-0FFhx32 \
  -ACOMMON=070h-07Fh -ABANK0=020h-06Fh -ABANK1=0A0h-0EFh \
  -ABANK2=0110h-016Fh -ABANK3=0190h-01EFh \
  -ARAM=020h-06Fh,0A0h-0EFh,0110h-016Fh,0190h-01EFh \
  -AABS1=020h-07Fh,0A0h-0EFh,0110h-016Fh,0190h-01EFh -ASFR0=00h-01Fh \
  -ASFR1=080h-09Fh -ASFR2=0100h-010Fh -ASFR3=0180h-018Fh \
  -ACONFIG=02007h-02007h -DCONFIG=2 -AIDLOC=02000h-02003h -DIDLOC=2 \
  -AEEDATA=00h-0FFh/02100h -peeprom_data=EEDATA -DEEDATA=2 -DCODE=2 \
  -DSTRCODE=2 -DSTRING=2 -DCONST=2 -DENTRY=2 \
  -preset_vec=00h,intentry=04h,sivt,init,end_init -ppowerup=CODE \
  -pcinit=CODE -pfunctab=ENTRY -k \
  C:\Users\sudee\AppData\Local\Temp\xcAshrg.0\driver_tmp_12.o \
  dist/default/production\micro_oven.X.production.o 

Object code version is 3.11

Machine type is 16F877A



                Name                               Link     Load   Length Selector   Space Scale
C:\Users\sudee\AppData\Local\Temp\xcAshrg.0\driver_tmp_12.o
                end_init                              C        C        3        8       0
                reset_vec                             0        0        3        0       0
                config                             2007     2007        1        0       4
dist/default/production\micro_oven.X.production.o
                cinit                                 F        F       1D        8       0
                intentry                              4        4        8        8       0
                config                             2007     2007        1        0       4
                text21                              F6C      F6C       3B     1ED8       0
                text20                              7C9      7C9       36      9FE       0
                text19                              F22      F22       25     1E44       0
                text18                              F47      F47       25     1E8E       0
                text17                              EC4      EC4       13     1D88       0
                text16                              697      697       6A      9FE       0
                text15                              701      701       65      9FE       0
                text14                              FA7      FA7       59     1F4E       0
                text13                              EB3      EB3       11     1D66       0
                text12                              4FF      4FF       DD      9FE       0
                text11                              E8E      E8E        A     1D1C       0
                text10                              766      766       63      9FE       0
                text9                               E98      E98        B     1D30       0
                text8                               EA3      EA3       10     1D46       0
                text7                               E85      E85        9     1D0A       0
                text6                               EEA      EEA       15     1DD4       0
                text5                               5DC      5DC       BB      9FE       0
                text4                               EFF      EFF       23     1DFE       0
                text3                               ED7      ED7       13     1DAE       0
                text2                                2C       2C      196        8       0
                text1                               1C2      1C2      149        8       0
                maintext                            30B      30B      10E        8       0
                cstackBANK0                          20       20       13       20       1
                cstackCOMMON                         70       70        9       70       1
                dataBANK0                            3E       3E        1       20       1
                bssBANK0                             33       33        B       20       1
                dataCOMMON                           7B       7B        1       70       1
                bssCOMMON                            79       79        2       70       1
                strings                             419      419       E6      832       0
                idataBANK0                            3        3        1        0       0
                idataCOMMON                         7FF      7FF        1      9FE       0

TOTAL           Name                               Link     Load   Length     Space
        CLASS   CODE           
                end_init                              C        C        3         0
                cinit                                 F        F       1D         0
                intentry                              4        4        8         0
                reset_vec                             0        0        3         0
                text21                              F6C      F6C       3B         0
                text20                              7C9      7C9       36         0
                text19                              F22      F22       25         0
                text18                              F47      F47       25         0
                text17                              EC4      EC4       13         0
                text16                              697      697       6A         0
                text15                              701      701       65         0
                text14                              FA7      FA7       59         0
                text13                              EB3      EB3       11         0
                text12                              4FF      4FF       DD         0
                text11                              E8E      E8E        A         0
                text10                              766      766       63         0
                text9                               E98      E98        B         0
                text8                               EA3      EA3       10         0
                text7                               E85      E85        9         0
                text6                               EEA      EEA       15         0
                text5                               5DC      5DC       BB         0
                text4                               EFF      EFF       23         0
                text3                               ED7      ED7       13         0
                text2                                2C       2C      196         0
                text1                               1C2      1C2      149         0
                maintext                            30B      30B      10E         0
                idataBANK0                            3        3        1         0
                idataCOMMON                         7FF      7FF        1         0

        CLASS   STRCODE        

        CLASS   STRING         
                strings                             419      419       E6         0

        CLASS   CONST          

        CLASS   ENTRY          

        CLASS   COMMON         
                cstackCOMMON                         70       70        9         1
                dataCOMMON                           7B       7B        1         1
                bssCOMMON                            79       79        2         1

        CLASS   BANK0          
                cstackBANK0                          20       20       13         1
                dataBANK0                            3E       3E        1         1
                bssBANK0                             33       33        B         1

        CLASS   BANK1          

        CLASS   BANK2          

        CLASS   BANK3          

        CLASS   RAM            

        CLASS   ABS1           
                abs_s1                               7E       7E        2         1

        CLASS   SFR0           

        CLASS   SFR1           

        CLASS   SFR2           

        CLASS   SFR3           

        CLASS   CONFIG         
                config                             2007     2007        1         4

        CLASS   IDLOC          

        CLASS   EEDATA         

        CLASS   HEAP           

        CLASS   STACK          



SEGMENTS        Name                           Load    Length   Top    Selector   Space  Class     Delta

                reset_vec                      000000  000004  000004         0       0  CODE        2
                intentry                       000004  000415  000419         8       0  CODE        2
                cstackBANK0                    000020  00001F  00003F        20       1  BANK0       1
                cstackCOMMON                   000070  00000C  00007C        70       1  COMMON      1
                strings                        000419  0000E6  0004FF       832       0  STRING      2
                text12                         0004FF  000301  000800       9FE       0  CODE        2
                text7                          000E85  000009  000E8E      1D0A       0  CODE        2
                text11                         000E8E  00000A  000E98      1D1C       0  CODE        2
                text9                          000E98  00000B  000EA3      1D30       0  CODE        2
                text8                          000EA3  000010  000EB3      1D46       0  CODE        2
                text13                         000EB3  000011  000EC4      1D66       0  CODE        2
                text17                         000EC4  000013  000ED7      1D88       0  CODE        2
                text3                          000ED7  000013  000EEA      1DAE       0  CODE        2
                text6                          000EEA  000015  000EFF      1DD4       0  CODE        2
                text4                          000EFF  000023  000F22      1DFE       0  CODE        2
                text19                         000F22  000025  000F47      1E44       0  CODE        2
                text18                         000F47  000025  000F6C      1E8E       0  CODE        2
                text21                         000F6C  00003B  000FA7      1ED8       0  CODE        2
                text14                         000FA7  000059  001000      1F4E       0  CODE        2


UNUSED ADDRESS RANGES

        Name                Unused          Largest block    Delta
        BANK0            003F-006F             31           1
        BANK1            00A0-00EF             50           1
        BANK2            0110-016F             60           1
        BANK3            0190-01EF             60           1
        CODE             0800-0E84            685           2
                         1000-1FFF            800
        COMMON           007C-007D              2           1
        CONST            0800-0E84            100           2
                         1000-1FFF            100
        EEDATA           2100-21FF            100           2
        ENTRY            0800-0E84            100           2
                         1000-1FFF            100
        IDLOC            2000-2003              4           2
        RAM              003F-006F             31           1
                         00A0-00EF             50
                         0110-016F             60
                         0190-01EF             60
        SFR0             0000-001F             20           1
        SFR1             0080-009F             20           1
        SFR2             0100-010F             10           1
        SFR3             0180-018F             10           1
        STRCODE          0800-0E84            685           2
                         1000-1FFF           1000
        STRING           0800-0E84            100           2
                         1000-1FFF            100

                                  Symbol Table

?___awdiv                        cstackCOMMON 0072
?___awmod                        cstackBANK0  0024
_GIE                             (abs)        005F
_OPTION_REGbits                  (abs)        0081
_PEIE                            (abs)        005E
_PORTD                           (abs)        0008
_PR2                             (abs)        0092
_RB0                             (abs)        0030
_RB1                             (abs)        0031
_RB2                             (abs)        0032
_RC2                             (abs)        003A
_RD0                             (abs)        0040
_RD1                             (abs)        0041
_RD2                             (abs)        0042
_RD3                             (abs)        0043
_RE1                             (abs)        0049
_RE2                             (abs)        004A
_TMR2IE                          (abs)        0461
_TMR2IF                          (abs)        0061
_TMR2ON                          (abs)        0092
_TRISB                           (abs)        0086
_TRISC2                          (abs)        043A
_TRISD                           (abs)        0088
_TRISE1                          (abs)        0449
_TRISE2                          (abs)        044A
__H__absolute__                  __absolute__ 0000
__Habs1                          abs1         0000
__Hbank0                         bank0        0000
__Hbank1                         bank1        0000
__Hbank2                         bank2        0000
__Hbank3                         bank3        0000
__HbssBANK0                      bssBANK0     0000
__HbssCOMMON                     bssCOMMON    0000
__Hcinit                         cinit        002C
__Hclrtext                       clrtext      0000
__Hcode                          code         0000
__Hcommon                        common       0000
__Hconfig                        config       2008
__HcstackBANK0                   cstackBANK0  0000
__HcstackCOMMON                  cstackCOMMON 0000
__HdataBANK0                     dataBANK0    0000
__HdataCOMMON                    dataCOMMON   0000
__Heeprom_data                   eeprom_data  0000
__Hend_init                      end_init     000F
__Hfunctab                       functab      0000
__Hheap                          heap         0000
__HidataBANK0                    idataBANK0   0000
__HidataCOMMON                   idataCOMMON  0000
__Hinit                          init         000C
__Hintentry                      intentry     000C
__Hmaintext                      maintext     0000
__Hpowerup                       powerup      0000
__Hram                           ram          0000
__Hreset_vec                     reset_vec    0003
__Hsfr0                          sfr0         0000
__Hsfr1                          sfr1         0000
__Hsfr2                          sfr2         0000
__Hsfr3                          sfr3         0000
__Hsivt                          sivt         000C
__Hspace_0                       (abs)        1000
__Hspace_1                       (abs)        007C
__Hspace_2                       (abs)        0000
__Hspace_3                       (abs)        0000
__Hspace_4                       (abs)        400F
__Hstack                         stack        0000
__Hstrings                       strings      0000
__Htext                          text         0000
__L__absolute__                  __absolute__ 0000
__Labs1                          abs1         0000
__Lbank0                         bank0        0000
__Lbank1                         bank1        0000
__Lbank2                         bank2        0000
__Lbank3                         bank3        0000
__LbssBANK0                      bssBANK0     0000
__LbssCOMMON                     bssCOMMON    0000
__Lcinit                         cinit        000F
__Lclrtext                       clrtext      0000
__Lcode                          code         0000
__Lcommon                        common       0000
__Lconfig                        config       0000
__LcstackBANK0                   cstackBANK0  0000
__LcstackCOMMON                  cstackCOMMON 0000
__LdataBANK0                     dataBANK0    0000
__LdataCOMMON                    dataCOMMON   0000
__Leeprom_data                   eeprom_data  0000
__Lend_init                      end_init     000C
__Lfunctab                       functab      0000
__Lheap                          heap         0000
__LidataBANK0                    idataBANK0   0000
__LidataCOMMON                   idataCOMMON  0000
__Linit                          init         000C
__Lintentry                      intentry     0004
__Lmaintext                      maintext     0000
__Lpowerup                       powerup      0000
__Lram                           ram          0000
__Lreset_vec                     reset_vec    0000
__Lsfr0                          sfr0         0000
__Lsfr1                          sfr1         0000
__Lsfr2                          sfr2         0000
__Lsfr3                          sfr3         0000
__Lsivt                          sivt         000C
__Lspace_0                       (abs)        0000
__Lspace_1                       (abs)        0000
__Lspace_2                       (abs)        0000
__Lspace_3                       (abs)        0000
__Lspace_4                       (abs)        0000
__Lstack                         stack        0000
__Lstrings                       strings      0000
__Ltext                          text         0000
__S0                             (abs)        1000
__S1                             (abs)        007C
__S3                             (abs)        0000
___awdiv                         text15       0701
___awdiv@counter                 cstackBANK0  0020
___awdiv@dividend                cstackCOMMON 0074
___awdiv@divisor                 cstackCOMMON 0072
___awdiv@quotient                cstackBANK0  0022
___awdiv@sign                    cstackBANK0  0021
___awmod                         text14       0FA7
___awmod@counter                 cstackCOMMON 0076
___awmod@dividend                cstackBANK0  0026
___awmod@divisor                 cstackBANK0  0024
___awmod@sign                    cstackCOMMON 0077
___bmul                          text3        0ED7
___bmul@multiplicand             cstackCOMMON 0072
___bmul@multiplier               cstackCOMMON 0074
___bmul@product                  cstackCOMMON 0073
___heap_hi                       (abs)        0000
___heap_lo                       (abs)        0000
___int_sp                        stack        0000
___int_stack_hi                  stack        0000
___int_stack_lo                  stack        0000
___latbits                       (abs)        0002
___sp                            stack        0000
___stack_hi                      stack        0000
___stack_lo                      stack        0000
___stackhi                       (abs)        0000
___stacklo                       (abs)        0000
__end_of___awdiv                 text15       0766
__end_of___awmod                 text14       1000
__end_of___bmul                  text3        0EEA
__end_of__initialization         cinit        0028
__end_of__stringtab              strings      041F
__end_of_clcd_print              text19       0F47
__end_of_clcd_putch              text17       0ED7
__end_of_clcd_write              text20       07FF
__end_of_clear_screen            text13       0EC4
__end_of_display_modes           text18       0F6C
__end_of_display_power_screen    text16       0701
__end_of_display_time            text12       05DC
__end_of_heat_food               text11       0E98
__end_of_init_clcd               text9        0EA3
__end_of_init_config             text6        0EFF
__end_of_init_display_controller text10       07C9
__end_of_init_matrix_keypad      text8        0EB3
__end_of_init_timer2             text7        0E8E
__end_of_isr                     text21       0FA7
__end_of_main                    maintext     0419
__end_of_read_matrix_keypad      text4        0F22
__end_of_scan_keypad             text5        0697
__end_of_set_temp                text2        01C2
__end_of_set_time                text1        030B
__initialization                 cinit        000F
__pbssBANK0                      bssBANK0     0033
__pbssCOMMON                     bssCOMMON    0079
__pcstackBANK0                   cstackBANK0  0020
__pcstackCOMMON                  cstackCOMMON 0070
__pdataBANK0                     dataBANK0    003E
__pdataCOMMON                    dataCOMMON   007B
__pidataBANK0                    idataBANK0   0003
__pidataCOMMON                   idataCOMMON  07FF
__pintentry                      intentry     0004
__pmaintext                      maintext     030B
__pstrings                       strings      0419
__ptext1                         text1        01C2
__ptext10                        text10       0766
__ptext11                        text11       0E8E
__ptext12                        text12       04FF
__ptext13                        text13       0EB3
__ptext14                        text14       0FA7
__ptext15                        text15       0701
__ptext16                        text16       0697
__ptext17                        text17       0EC4
__ptext18                        text18       0F47
__ptext19                        text19       0F22
__ptext2                         text2        002C
__ptext20                        text20       07C9
__ptext21                        text21       0F6C
__ptext3                         text3        0ED7
__ptext4                         text4        0EFF
__ptext5                         text5        05DC
__ptext6                         text6        0EEA
__ptext7                         text7        0E85
__ptext8                         text8        0EA3
__ptext9                         text9        0E98
__stringbase                     strings      041E
__stringtab                      strings      0419
_clcd_print                      text19       0F22
_clcd_putch                      text17       0EC4
_clcd_write                      text20       07C9
_clear_screen                    text13       0EB3
_display_modes                   text18       0F47
_display_power_screen            text16       0697
_display_time                    text12       04FF
_heat_food                       text11       0E8E
_init_clcd                       text9        0E98
_init_config                     text6        0EEA
_init_display_controller         text10       0766
_init_matrix_keypad              text8        0EA3
_init_timer2                     text7        0E85
_isr                             text21       0F6C
_main                            maintext     030B
_min                             bssBANK0     003C
_pre_heat                        bssBANK0     003A
_read_matrix_keypad              text4        0EFF
_scan_keypad                     text5        05DC
_screen_flag                     dataBANK0    003E
_sec                             bssBANK0     003D
_set_temp                        text2        002C
_set_time                        text1        01C2
_temp                            bssBANK0     003B
btemp                            (abs)        007E
btemp0                           (abs)        007E
btemp1                           (abs)        007F
clcd_print@addr                  cstackCOMMON 0077
clcd_print@str                   cstackCOMMON 0076
clcd_putch@addr                  cstackBANK0  0028
clcd_putch@data                  cstackCOMMON 0078
clcd_write@byte                  cstackCOMMON 0075
clcd_write@mode                  cstackCOMMON 0072
display_power_screen@i           cstackBANK0  002C
display_power_screen@i_185       cstackBANK0  002D
end_of_initialization            cinit        0028
interrupt_function               intentry     0004
intlevel0                        functab      0000
intlevel1                        functab      0000
intlevel2                        functab      0000
intlevel3                        functab      0000
intlevel4                        functab      0000
intlevel5                        functab      0000
isr@count                        bssCOMMON    0079
ltemp0a                          (abs)        0080
main@key                         cstackBANK0  0032
main@reset_flag                  cstackBANK0  0031
read_matrix_keypad@key           cstackCOMMON 0075
read_matrix_keypad@mode          cstackCOMMON 0074
read_matrix_keypad@once          dataCOMMON   007B
reset_vec                        reset_vec    0000
saved_w                          (abs)        007E
scan_keypad@i                    cstackCOMMON 0072
set_temp@delay                   bssBANK0     0034
set_temp@display_blank           bssBANK0     0033
set_temp@key                     cstackBANK0  002C
set_temp@key_count               bssBANK0     0035
set_temp@reset_flag              cstackBANK0  0029
set_time@blink_pos               bssBANK0     0039
set_time@delay                   bssBANK0     0037
set_time@display_blank           bssBANK0     0036
set_time@key                     cstackBANK0  002C
set_time@key_count               bssBANK0     0038
set_time@reset_flag              cstackBANK0  0029
start                            init         000C
start_initialization             cinit        000F
ttemp0a                          (abs)        007F
wtemp0                           (abs)        007E
wtemp0a                          (abs)        007F


MODULE INFORMATION

Module		Function		Class		Link	Load	Size
timers.c
		_init_timer2   		CODE           	0E85	0000	9

timers.c estimated size: 9

C:\Program Files\Microchip\xc8\v3.10\pic\sources\c99\common\awmod.c
		___awmod       		CODE           	0FA7	0000	89

C:\Program Files\Microchip\xc8\v3.10\pic\sources\c99\common\awmod.c estimated size: 89

matrix_keypad.c
		_init_matrix_keypad		CODE           	0EA3	0000	16
		_read_matrix_keypad		CODE           	0EFF	0000	35
		_scan_keypad   		CODE           	05DC	0000	187

matrix_keypad.c estimated size: 238

C:\Program Files\Microchip\xc8\v3.10\pic\sources\c99\common\awdiv.c
		___awdiv       		CODE           	0701	0000	101

C:\Program Files\Microchip\xc8\v3.10\pic\sources\c99\common\awdiv.c estimated size: 101

C:\Program Files\Microchip\xc8\v3.10\pic\sources\c99\common\Umul8.c
		___bmul        		CODE           	0ED7	0000	19

C:\Program Files\Microchip\xc8\v3.10\pic\sources\c99\common\Umul8.c estimated size: 19

isr.c
		_isr           		CODE           	0F6C	0000	59

isr.c estimated size: 59

shared
		__stringtab    		STRING         	0419	0000	6
		__initialization		CODE           	000F	0000	25

shared estimated size: 31

clcd.c
		_clcd_write    		CODE           	07C9	0000	54
		_clear_screen  		CODE           	0EB3	0000	17
		_clcd_print    		CODE           	0F22	0000	37
		_clcd_putch    		CODE           	0EC4	0000	19
		_init_display_controller		CODE           	0766	0000	99
		_init_clcd     		CODE           	0E98	0000	11

clcd.c estimated size: 237

micro_oven.c
		_display_time  		CODE           	04FF	0000	221
		_heat_food     		CODE           	0E8E	0000	10
		_display_modes 		CODE           	0F47	0000	37
		_set_temp      		CODE           	002C	0000	406
		_display_power_screen		CODE           	0697	0000	106
		_set_time      		CODE           	01C2	0000	329

micro_oven.c estimated size: 1109

main.c
		_main          		CODE           	030B	0000	270
		_init_config   		CODE           	0EEA	0000	21

main.c estimated size: 291

